
> ai-quick-feed@1.0.0 build
> next build

node.exe :  ÔÜá Attempted to load 
@next/swc-win32-x64-msvc, but an error occurred: 
\\?\D:\Ai Quick Feed\ia-veille\node_modules\@next\s
wc-win32-x64-msvc\next-swc.win32-x64-msvc.node 
n´┐¢est pas une application Win32 valide.
Au caractère 
C:\Users\Pimous\AppData\Roaming\npm\npm.ps1:24 : 5
+     & "node$exe"  
"$basedir/node_modules/npm/bin/npm-cli.js" $args
+     ~~~~~~~~~~~~~~~~~~~~~~~~~~~~~~~~~~~~~~~~~~~~~
~~~~~~~~~~~~~~~~~
    + CategoryInfo          : NotSpecified: ( ÔÜá  
   Attempted ...n Win32 valide.:String) [], Remot  
  eException
    + FullyQualifiedErrorId : NativeCommandError
 
\\?\D:\Ai Quick Feed\ia-veille\node_modules\@next\s
wc-win32-x64-msvc\next-swc.win32-x64-msvc.node
   Ôû▓ Next.js 15.0.3
   - Environments: .env.local

   Creating an optimized production build ...
 ÔÜá Attempted to load @next/swc-win32-x64-msvc, 
but an error occurred: \\?\D:\Ai Quick Feed\ia-veil
le\node_modules\@next\swc-win32-x64-msvc\next-swc.w
in32-x64-msvc.node n´┐¢est pas une application 
Win32 valide.
\\?\D:\Ai Quick Feed\ia-veille\node_modules\@next\s
wc-win32-x64-msvc\next-swc.win32-x64-msvc.node
 ÔÜá Attempted to load @next/swc-win32-x64-msvc, 
but an error occurred: \\?\D:\Ai Quick Feed\ia-veil
le\node_modules\@next\swc-win32-x64-msvc\next-swc.w
in32-x64-msvc.node n´┐¢est pas une application 
Win32 valide.
\\?\D:\Ai Quick Feed\ia-veille\node_modules\@next\s
wc-win32-x64-msvc\next-swc.win32-x64-msvc.node
 ÔÜá Attempted to load @next/swc-win32-x64-msvc, 
but an error occurred: \\?\D:\Ai Quick Feed\ia-veil
le\node_modules\@next\swc-win32-x64-msvc\next-swc.w
in32-x64-msvc.node n´┐¢est pas une application 
Win32 valide.
\\?\D:\Ai Quick Feed\ia-veille\node_modules\@next\s
wc-win32-x64-msvc\next-swc.win32-x64-msvc.node
 Ô£ô Compiled successfully
   Skipping validation of types
   Linting ...
 Ô¿» ESLint: Invalid Options: - Unknown options: 
useEslintrc, extensions - 'extensions' has been 
removed.
   Collecting page data ...
Firebase Admin initialized with Service Account
   Generating static pages (0/32) ...
Error occurred prerendering page "/flashcards". 
Read more: 
https://nextjs.org/docs/messages/prerender-error
Error: Service firestore is not available
    at eU.getImmediate (D:\Ai Quick Feed\ia-veille\
.next\server\app\flashcards\page.js:1:36371)
    at va (D:\Ai Quick Feed\ia-veille\.next\server\
app\flashcards\page.js:11:16311)
    at 53684 (D:\Ai Quick Feed\ia-veille\.next\serv
er\app\flashcards\page.js:11:42471)
    at Object.t [as require] (D:\Ai Quick Feed\ia-v
eille\.next\server\webpack-runtime.js:1:128)
    at require (D:\Ai Quick Feed\ia-veille\node_mod
ules\next\dist\compiled\next-server\app-page.runtim
e.prod.js:131:7282)
    at u (D:\Ai Quick Feed\ia-veille\node_modules\n
ext\dist\compiled\next-server\app-page.runtime.prod
.js:36:646)
    at F (D:\Ai Quick Feed\ia-veille\node_modules\n
ext\dist\compiled\next-server\app-page.runtime.prod
.js:36:10475)
    at z (D:\Ai Quick Feed\ia-veille\node_modules\n
ext\dist\compiled\next-server\app-page.runtime.prod
.js:36:13031)
    at D:\Ai Quick Feed\ia-veille\node_modules\next
\dist\compiled\next-server\app-page.runtime.prod.js
:36:15281
    at Z._fromJSON (D:\Ai Quick Feed\ia-veille\node
_modules\next\dist\compiled\next-server\app-page.ru
ntime.prod.js:36:15315)
Export encountered an error on /flashcards/page: 
/flashcards, exiting the build.
 Ô¿» Static worker exited with code: 1 and signal: 
null
